2026-05-05 23:27:52.827 +07:00 [WRN] Entity 'User' has a global query filter defined and is the required end of a relationship with the entity 'Feedback'. This may lead to unexpected results when the required entity is filtered out. Either configure the navigation as optional, or define matching query filters for both entities in the navigation. See https://go.microsoft.com/fwlink/?linkid=2131316 for more information.
2026-05-05 23:27:52.861 +07:00 [WRN] Entity 'GreetingCard' has a global query filter defined and is the required end of a relationship with the entity 'GreetingTransaction'. This may lead to unexpected results when the required entity is filtered out. Either configure the navigation as optional, or define matching query filters for both entities in the navigation. See https://go.microsoft.com/fwlink/?linkid=2131316 for more information.
2026-05-05 23:27:52.861 +07:00 [WRN] Entity 'User' has a global query filter defined and is the required end of a relationship with the entity 'Subscription'. This may lead to unexpected results when the required entity is filtered out. Either configure the navigation as optional, or define matching query filters for both entities in the navigation. See https://go.microsoft.com/fwlink/?linkid=2131316 for more information.
2026-05-05 23:27:53.209 +07:00 [INF] Executed DbCommand (25ms) [Parameters=[], CommandType='"Text"', CommandTimeout='30']
SELECT 1
2026-05-05 23:27:53.233 +07:00 [INF] Executed DbCommand (15ms) [Parameters=[], CommandType='"Text"', CommandTimeout='30']
DECLARE @result int;
EXEC @result = sp_getapplock @Resource = '__EFMigrationsLock', @LockOwner = 'Session', @LockMode = 'Exclusive';
SELECT @result
2026-05-05 23:27:53.280 +07:00 [INF] Executed DbCommand (7ms) [Parameters=[], CommandType='"Text"', CommandTimeout='30']
IF OBJECT_ID(N'[__EFMigrationsHistory]') IS NULL
BEGIN
    CREATE TABLE [__EFMigrationsHistory] (
        [MigrationId] nvarchar(150) NOT NULL,
        [ProductVersion] nvarchar(32) NOT NULL,
        CONSTRAINT [PK___EFMigrationsHistory] PRIMARY KEY ([MigrationId])
    );
END;
2026-05-05 23:27:53.295 +07:00 [INF] Executed DbCommand (4ms) [Parameters=[], CommandType='"Text"', CommandTimeout='30']
SELECT 1
2026-05-05 23:27:53.298 +07:00 [INF] Executed DbCommand (2ms) [Parameters=[], CommandType='"Text"', CommandTimeout='30']
SELECT OBJECT_ID(N'[__EFMigrationsHistory]');
2026-05-05 23:27:53.304 +07:00 [INF] Executed DbCommand (4ms) [Parameters=[], CommandType='"Text"', CommandTimeout='30']
SELECT [MigrationId], [ProductVersion]
FROM [__EFMigrationsHistory]
ORDER BY [MigrationId];
2026-05-05 23:27:53.319 +07:00 [INF] Executed DbCommand (6ms) [Parameters=[], CommandType='"Text"', CommandTimeout='30']
DECLARE @result int;
EXEC @result = sp_releaseapplock @Resource = '__EFMigrationsLock', @LockOwner = 'Session';
SELECT @result
2026-05-05 23:27:53.463 +07:00 [INF] Executed DbCommand (19ms) [Parameters=[], CommandType='"Text"', CommandTimeout='30']
SELECT CASE
    WHEN EXISTS (
        SELECT 1
        FROM [Categories] AS [c]
        WHERE [c].[IsDeleted] = CAST(0 AS bit)) THEN CAST(1 AS bit)
    ELSE CAST(0 AS bit)
END
2026-05-05 23:27:53.577 +07:00 [INF] Executed DbCommand (31ms) [Parameters=[@p0='?' (DbType = Guid), @p1='?' (Size = 20), @p2='?' (DbType = DateTime2), @p3='?' (DbType = DateTime2), @p4='?' (Size = 4000), @p5='?' (DbType = Int32), @p6='?' (Size = 500), @p7='?' (DbType = Boolean), @p8='?' (DbType = Boolean), @p9='?' (Size = 100), @p10='?' (Size = 120) (DbType = AnsiString), @p11='?' (Size = 20), @p12='?' (DbType = DateTime2), @p13='?' (DbType = Guid), @p14='?' (Size = 20), @p15='?' (DbType = DateTime2), @p16='?' (DbType = DateTime2), @p17='?' (Size = 4000), @p18='?' (DbType = Int32), @p19='?' (Size = 500), @p20='?' (DbType = Boolean), @p21='?' (DbType = Boolean), @p22='?' (Size = 100), @p23='?' (Size = 120) (DbType = AnsiString), @p24='?' (Size = 20), @p25='?' (DbType = DateTime2), @p26='?' (DbType = Guid), @p27='?' (Size = 20), @p28='?' (DbType = DateTime2), @p29='?' (DbType = DateTime2), @p30='?' (Size = 4000), @p31='?' (DbType = Int32), @p32='?' (Size = 500), @p33='?' (DbType = Boolean), @p34='?' (DbType = Boolean), @p35='?' (Size = 100), @p36='?' (Size = 120) (DbType = AnsiString), @p37='?' (Size = 20), @p38='?' (DbType = DateTime2), @p39='?' (DbType = Guid), @p40='?' (Size = 20), @p41='?' (DbType = DateTime2), @p42='?' (DbType = DateTime2), @p43='?' (Size = 4000), @p44='?' (DbType = Int32), @p45='?' (Size = 500), @p46='?' (DbType = Boolean), @p47='?' (DbType = Boolean), @p48='?' (Size = 100), @p49='?' (Size = 120) (DbType = AnsiString), @p50='?' (Size = 20), @p51='?' (DbType = DateTime2), @p52='?' (DbType = Guid), @p53='?' (Size = 20), @p54='?' (DbType = DateTime2), @p55='?' (DbType = DateTime2), @p56='?' (Size = 4000), @p57='?' (DbType = Int32), @p58='?' (Size = 500), @p59='?' (DbType = Boolean), @p60='?' (DbType = Boolean), @p61='?' (Size = 100), @p62='?' (Size = 120) (DbType = AnsiString), @p63='?' (Size = 20), @p64='?' (DbType = DateTime2)], CommandType='"Text"', CommandTimeout='30']
SET IMPLICIT_TRANSACTIONS OFF;
SET NOCOUNT ON;
INSERT INTO [Categories] ([Id], [Color], [CreatedAt], [DeletedAt], [Description], [DisplayOrder], [IconUrl], [IsDeleted], [IsSystem], [Name], [Slug], [Status], [UpdatedAt])
VALUES (@p0, @p1, @p2, @p3, @p4, @p5, @p6, @p7, @p8, @p9, @p10, @p11, @p12),
(@p13, @p14, @p15, @p16, @p17, @p18, @p19, @p20, @p21, @p22, @p23, @p24, @p25),
(@p26, @p27, @p28, @p29, @p30, @p31, @p32, @p33, @p34, @p35, @p36, @p37, @p38),
(@p39, @p40, @p41, @p42, @p43, @p44, @p45, @p46, @p47, @p48, @p49, @p50, @p51),
(@p52, @p53, @p54, @p55, @p56, @p57, @p58, @p59, @p60, @p61, @p62, @p63, @p64);
2026-05-05 23:27:53.583 +07:00 [INF] [SEED] ✅ Seeded 5 categories
2026-05-05 23:27:53.601 +07:00 [INF] Executed DbCommand (4ms) [Parameters=[@__adminEmail_0='?' (Size = 256) (DbType = AnsiString)], CommandType='"Text"', CommandTimeout='30']
SELECT CASE
    WHEN EXISTS (
        SELECT 1
        FROM [Users] AS [u]
        WHERE [u].[Email] = @__adminEmail_0) THEN CAST(1 AS bit)
    ELSE CAST(0 AS bit)
END
2026-05-05 23:27:53.999 +07:00 [INF] Executed DbCommand (11ms) [Parameters=[@p0='?' (DbType = Guid), @p1='?' (DbType = DateTime2), @p2='?' (DbType = DateTime2), @p3='?' (Size = 256) (DbType = AnsiString), @p4='?' (Size = 64), @p5='?' (DbType = DateTime2), @p6='?' (DbType = Int32), @p7='?' (Size = 100), @p8='?' (DbType = Boolean), @p9='?' (DbType = DateTime2), @p10='?' (Size = 4000), @p11='?' (DbType = DateTime2), @p12='?' (Size = 256), @p13='?' (Size = 64), @p14='?' (DbType = DateTime2), @p15='?' (DbType = Boolean), @p16='?' (DbType = DateTime2), @p17='?' (Size = 256), @p18='?' (Size = 20), @p19='?' (Size = 20), @p20='?' (Size = 200), @p21='?' (Size = 30), @p22='?' (DbType = DateTime2)], CommandType='"Text"', CommandTimeout='30']
SET IMPLICIT_TRANSACTIONS OFF;
SET NOCOUNT ON;
INSERT INTO [Users] ([Id], [CreatedAt], [DeletedAt], [Email], [EmailVerificationToken], [EmailVerificationTokenExpiry], [FailedLoginCount], [FullName], [IsDeleted], [LastLoginAt], [LockReason], [LockoutEndTime], [PasswordHash], [PasswordResetToken], [PasswordResetTokenExpiry], [PasswordResetTokenUsed], [RefreshTokenExpiry], [RefreshTokenHash], [Role], [SocialProvider], [SocialProviderId], [Status], [UpdatedAt])
VALUES (@p0, @p1, @p2, @p3, @p4, @p5, @p6, @p7, @p8, @p9, @p10, @p11, @p12, @p13, @p14, @p15, @p16, @p17, @p18, @p19, @p20, @p21, @p22);
2026-05-05 23:27:54.000 +07:00 [WRN] [SEED] ✅ Admin account created. Email: admin@e-greetings.com
2026-05-05 23:27:54.013 +07:00 [INF] Executed DbCommand (11ms) [Parameters=[@__admin2Email_0='?' (Size = 256) (DbType = AnsiString)], CommandType='"Text"', CommandTimeout='30']
SELECT CASE
    WHEN EXISTS (
        SELECT 1
        FROM [Users] AS [u]
        WHERE [u].[Email] = @__admin2Email_0) THEN CAST(1 AS bit)
    ELSE CAST(0 AS bit)
END
2026-05-05 23:27:54.311 +07:00 [INF] Executed DbCommand (7ms) [Parameters=[@p0='?' (DbType = Guid), @p1='?' (DbType = DateTime2), @p2='?' (DbType = DateTime2), @p3='?' (Size = 256) (DbType = AnsiString), @p4='?' (Size = 64), @p5='?' (DbType = DateTime2), @p6='?' (DbType = Int32), @p7='?' (Size = 100), @p8='?' (DbType = Boolean), @p9='?' (DbType = DateTime2), @p10='?' (Size = 4000), @p11='?' (DbType = DateTime2), @p12='?' (Size = 256), @p13='?' (Size = 64), @p14='?' (DbType = DateTime2), @p15='?' (DbType = Boolean), @p16='?' (DbType = DateTime2), @p17='?' (Size = 256), @p18='?' (Size = 20), @p19='?' (Size = 20), @p20='?' (Size = 200), @p21='?' (Size = 30), @p22='?' (DbType = DateTime2)], CommandType='"Text"', CommandTimeout='30']
SET IMPLICIT_TRANSACTIONS OFF;
SET NOCOUNT ON;
INSERT INTO [Users] ([Id], [CreatedAt], [DeletedAt], [Email], [EmailVerificationToken], [EmailVerificationTokenExpiry], [FailedLoginCount], [FullName], [IsDeleted], [LastLoginAt], [LockReason], [LockoutEndTime], [PasswordHash], [PasswordResetToken], [PasswordResetTokenExpiry], [PasswordResetTokenUsed], [RefreshTokenExpiry], [RefreshTokenHash], [Role], [SocialProvider], [SocialProviderId], [Status], [UpdatedAt])
VALUES (@p0, @p1, @p2, @p3, @p4, @p5, @p6, @p7, @p8, @p9, @p10, @p11, @p12, @p13, @p14, @p15, @p16, @p17, @p18, @p19, @p20, @p21, @p22);
2026-05-05 23:27:54.311 +07:00 [WRN] [SEED] ✅ Admin2 account created. Email: admin@gmail.com
2026-05-05 23:27:54.320 +07:00 [INF] Executed DbCommand (6ms) [Parameters=[], CommandType='"Text"', CommandTimeout='30']
SELECT CASE
    WHEN EXISTS (
        SELECT 1
        FROM [GreetingCards] AS [g]
        WHERE [g].[IsDeleted] = CAST(0 AS bit)) THEN CAST(1 AS bit)
    ELSE CAST(0 AS bit)
END
2026-05-05 23:27:54.366 +07:00 [INF] Executed DbCommand (19ms) [Parameters=[@p0='?' (DbType = Guid), @p1='?' (DbType = Guid), @p2='?' (DbType = DateTime2), @p3='?' (DbType = DateTime2), @p4='?' (Size = 4000), @p5='?' (Size = 1000), @p6='?' (DbType = Boolean), @p7='?' (DbType = Boolean), @p8='?' (Size = 200), @p9='?' (Size = 220) (DbType = AnsiString), @p10='?' (Size = 20), @p11='?' (Size = 500), @p12='?' (Size = 1000), @p13='?' (DbType = DateTime2), @p14='?' (DbType = Guid), @p15='?' (DbType = Guid), @p16='?' (DbType = DateTime2), @p17='?' (DbType = DateTime2), @p18='?' (Size = 4000), @p19='?' (Size = 1000), @p20='?' (DbType = Boolean), @p21='?' (DbType = Boolean), @p22='?' (Size = 200), @p23='?' (Size = 220) (DbType = AnsiString), @p24='?' (Size = 20), @p25='?' (Size = 500), @p26='?' (Size = 1000), @p27='?' (DbType = DateTime2), @p28='?' (DbType = Guid), @p29='?' (DbType = Guid), @p30='?' (DbType = DateTime2), @p31='?' (DbType = DateTime2), @p32='?' (Size = 4000), @p33='?' (Size = 1000), @p34='?' (DbType = Boolean), @p35='?' (DbType = Boolean), @p36='?' (Size = 200), @p37='?' (Size = 220) (DbType = AnsiString), @p38='?' (Size = 20), @p39='?' (Size = 500), @p40='?' (Size = 1000), @p41='?' (DbType = DateTime2), @p42='?' (DbType = Guid), @p43='?' (DbType = Guid), @p44='?' (DbType = DateTime2), @p45='?' (DbType = DateTime2), @p46='?' (Size = 4000), @p47='?' (Size = 1000), @p48='?' (DbType = Boolean), @p49='?' (DbType = Boolean), @p50='?' (Size = 200), @p51='?' (Size = 220) (DbType = AnsiString), @p52='?' (Size = 20), @p53='?' (Size = 500), @p54='?' (Size = 1000), @p55='?' (DbType = DateTime2), @p56='?' (DbType = Guid), @p57='?' (DbType = Guid), @p58='?' (DbType = DateTime2), @p59='?' (DbType = DateTime2), @p60='?' (Size = 4000), @p61='?' (Size = 1000), @p62='?' (DbType = Boolean), @p63='?' (DbType = Boolean), @p64='?' (Size = 200), @p65='?' (Size = 220) (DbType = AnsiString), @p66='?' (Size = 20), @p67='?' (Size = 500), @p68='?' (Size = 1000), @p69='?' (DbType = DateTime2), @p70='?' (DbType = Guid), @p71='?' (DbType = Guid), @p72='?' (DbType = DateTime2), @p73='?' (DbType = DateTime2), @p74='?' (Size = 4000), @p75='?' (Size = 1000), @p76='?' (DbType = Boolean), @p77='?' (DbType = Boolean), @p78='?' (Size = 200), @p79='?' (Size = 220) (DbType = AnsiString), @p80='?' (Size = 20), @p81='?' (Size = 500), @p82='?' (Size = 1000), @p83='?' (DbType = DateTime2)], CommandType='"Text"', CommandTimeout='30']
SET IMPLICIT_TRANSACTIONS OFF;
SET NOCOUNT ON;
INSERT INTO [GreetingCards] ([Id], [CategoryId], [CreatedAt], [DeletedAt], [Description], [FileUrl], [IsDeleted], [IsFeatured], [Name], [Slug], [Status], [Tags], [ThumbnailUrl], [UpdatedAt])
VALUES (@p0, @p1, @p2, @p3, @p4, @p5, @p6, @p7, @p8, @p9, @p10, @p11, @p12, @p13),
(@p14, @p15, @p16, @p17, @p18, @p19, @p20, @p21, @p22, @p23, @p24, @p25, @p26, @p27),
(@p28, @p29, @p30, @p31, @p32, @p33, @p34, @p35, @p36, @p37, @p38, @p39, @p40, @p41),
(@p42, @p43, @p44, @p45, @p46, @p47, @p48, @p49, @p50, @p51, @p52, @p53, @p54, @p55),
(@p56, @p57, @p58, @p59, @p60, @p61, @p62, @p63, @p64, @p65, @p66, @p67, @p68, @p69),
(@p70, @p71, @p72, @p73, @p74, @p75, @p76, @p77, @p78, @p79, @p80, @p81, @p82, @p83);
2026-05-05 23:27:54.367 +07:00 [INF] [SEED] ✅ Seeded 6 sample greeting cards
2026-05-05 23:27:54.387 +07:00 [INF] Start installing Hangfire SQL objects...
2026-05-05 23:27:54.726 +07:00 [INF] Hangfire SQL objects installed.
2026-05-05 23:27:54.966 +07:00 [ERR] Hosting failed to start
System.IO.IOException: Failed to bind to address http://127.0.0.1:5059: address already in use.
 ---> Microsoft.AspNetCore.Connections.AddressInUseException: Address already in use
 ---> System.Net.Sockets.SocketException (48): Address already in use
   at System.Net.Sockets.Socket.DoBind(EndPoint endPointSnapshot, SocketAddress socketAddress)
   at System.Net.Sockets.Socket.Bind(EndPoint localEP)
   at Microsoft.AspNetCore.Server.Kestrel.Transport.Sockets.SocketTransportOptions.CreateDefaultBoundListenSocket(EndPoint endpoint)
   at Microsoft.AspNetCore.Server.Kestrel.Transport.Sockets.SocketConnectionListener.Bind()
   --- End of inner exception stack trace ---
   at Microsoft.AspNetCore.Server.Kestrel.Transport.Sockets.SocketConnectionListener.Bind()
   at Microsoft.AspNetCore.Server.Kestrel.Transport.Sockets.SocketTransportFactory.BindAsync(EndPoint endpoint, CancellationToken cancellationToken)
   at Microsoft.AspNetCore.Server.Kestrel.Core.Internal.Infrastructure.TransportManager.BindAsync(EndPoint endPoint, ConnectionDelegate connectionDelegate, EndpointConfig endpointConfig, CancellationToken cancellationToken)
   at Microsoft.AspNetCore.Server.Kestrel.Core.KestrelServerImpl.<>c__DisplayClass28_0`1.<<StartAsync>g__OnBind|0>d.MoveNext()
--- End of stack trace from previous location ---
   at Microsoft.AspNetCore.Server.Kestrel.Core.Internal.AddressBinder.BindEndpointAsync(ListenOptions endpoint, AddressBindContext context, CancellationToken cancellationToken)
   --- End of inner exception stack trace ---
   at Microsoft.AspNetCore.Server.Kestrel.Core.Internal.AddressBinder.BindEndpointAsync(ListenOptions endpoint, AddressBindContext context, CancellationToken cancellationToken)
   at Microsoft.AspNetCore.Server.Kestrel.Core.LocalhostListenOptions.BindAsync(AddressBindContext context, CancellationToken cancellationToken)
   at Microsoft.AspNetCore.Server.Kestrel.Core.Internal.AddressBinder.AddressesStrategy.BindAsync(AddressBindContext context, CancellationToken cancellationToken)
   at Microsoft.AspNetCore.Server.Kestrel.Core.KestrelServerImpl.BindAsync(CancellationToken cancellationToken)
   at Microsoft.AspNetCore.Server.Kestrel.Core.KestrelServerImpl.StartAsync[TContext](IHttpApplication`1 application, CancellationToken cancellationToken)
   at Microsoft.AspNetCore.Hosting.GenericWebHostService.StartAsync(CancellationToken cancellationToken)
   at Microsoft.Extensions.Hosting.Internal.Host.<StartAsync>b__14_1(IHostedService service, CancellationToken token)
   at Microsoft.Extensions.Hosting.Internal.Host.ForeachService[T](IEnumerable`1 services, CancellationToken token, Boolean concurrent, Boolean abortOnFirstException, List`1 exceptions, Func`3 operation)
2026-05-05 23:52:17.296 +07:00 [WRN] Entity 'User' has a global query filter defined and is the required end of a relationship with the entity 'Feedback'. This may lead to unexpected results when the required entity is filtered out. Either configure the navigation as optional, or define matching query filters for both entities in the navigation. See https://go.microsoft.com/fwlink/?linkid=2131316 for more information.
2026-05-05 23:52:17.329 +07:00 [WRN] Entity 'GreetingCard' has a global query filter defined and is the required end of a relationship with the entity 'GreetingTransaction'. This may lead to unexpected results when the required entity is filtered out. Either configure the navigation as optional, or define matching query filters for both entities in the navigation. See https://go.microsoft.com/fwlink/?linkid=2131316 for more information.
2026-05-05 23:52:17.329 +07:00 [WRN] Entity 'User' has a global query filter defined and is the required end of a relationship with the entity 'Subscription'. This may lead to unexpected results when the required entity is filtered out. Either configure the navigation as optional, or define matching query filters for both entities in the navigation. See https://go.microsoft.com/fwlink/?linkid=2131316 for more information.
2026-05-05 23:52:17.641 +07:00 [INF] Executed DbCommand (20ms) [Parameters=[], CommandType='"Text"', CommandTimeout='30']
SELECT 1
2026-05-05 23:52:17.670 +07:00 [INF] Executed DbCommand (21ms) [Parameters=[], CommandType='"Text"', CommandTimeout='30']
DECLARE @result int;
EXEC @result = sp_getapplock @Resource = '__EFMigrationsLock', @LockOwner = 'Session', @LockMode = 'Exclusive';
SELECT @result
2026-05-05 23:52:17.712 +07:00 [INF] Executed DbCommand (5ms) [Parameters=[], CommandType='"Text"', CommandTimeout='30']
IF OBJECT_ID(N'[__EFMigrationsHistory]') IS NULL
BEGIN
    CREATE TABLE [__EFMigrationsHistory] (
        [MigrationId] nvarchar(150) NOT NULL,
        [ProductVersion] nvarchar(32) NOT NULL,
        CONSTRAINT [PK___EFMigrationsHistory] PRIMARY KEY ([MigrationId])
    );
END;
2026-05-05 23:52:17.725 +07:00 [INF] Executed DbCommand (2ms) [Parameters=[], CommandType='"Text"', CommandTimeout='30']
SELECT 1
2026-05-05 23:52:17.728 +07:00 [INF] Executed DbCommand (3ms) [Parameters=[], CommandType='"Text"', CommandTimeout='30']
SELECT OBJECT_ID(N'[__EFMigrationsHistory]');
2026-05-05 23:52:17.733 +07:00 [INF] Executed DbCommand (3ms) [Parameters=[], CommandType='"Text"', CommandTimeout='30']
SELECT [MigrationId], [ProductVersion]
FROM [__EFMigrationsHistory]
ORDER BY [MigrationId];
2026-05-05 23:52:17.747 +07:00 [INF] Executed DbCommand (6ms) [Parameters=[], CommandType='"Text"', CommandTimeout='30']
DECLARE @result int;
EXEC @result = sp_releaseapplock @Resource = '__EFMigrationsLock', @LockOwner = 'Session';
SELECT @result
2026-05-05 23:52:17.899 +07:00 [INF] Executed DbCommand (31ms) [Parameters=[], CommandType='"Text"', CommandTimeout='30']
SELECT CASE
    WHEN EXISTS (
        SELECT 1
        FROM [Categories] AS [c]
        WHERE [c].[IsDeleted] = CAST(0 AS bit)) THEN CAST(1 AS bit)
    ELSE CAST(0 AS bit)
END
2026-05-05 23:52:17.924 +07:00 [INF] Executed DbCommand (8ms) [Parameters=[@__adminEmail_0='?' (Size = 256) (DbType = AnsiString)], CommandType='"Text"', CommandTimeout='30']
SELECT CASE
    WHEN EXISTS (
        SELECT 1
        FROM [Users] AS [u]
        WHERE [u].[Email] = @__adminEmail_0) THEN CAST(1 AS bit)
    ELSE CAST(0 AS bit)
END
2026-05-05 23:52:17.927 +07:00 [INF] Executed DbCommand (1ms) [Parameters=[@__admin2Email_0='?' (Size = 256) (DbType = AnsiString)], CommandType='"Text"', CommandTimeout='30']
SELECT CASE
    WHEN EXISTS (
        SELECT 1
        FROM [Users] AS [u]
        WHERE [u].[Email] = @__admin2Email_0) THEN CAST(1 AS bit)
    ELSE CAST(0 AS bit)
END
2026-05-05 23:52:17.953 +07:00 [INF] Executed DbCommand (5ms) [Parameters=[@__admin2Email_0='?' (Size = 256) (DbType = AnsiString)], CommandType='"Text"', CommandTimeout='30']
SELECT TOP(1) [u].[Id], [u].[CreatedAt], [u].[DeletedAt], [u].[Email], [u].[EmailVerificationToken], [u].[EmailVerificationTokenExpiry], [u].[FailedLoginCount], [u].[FullName], [u].[IsDeleted], [u].[LastLoginAt], [u].[LockReason], [u].[LockoutEndTime], [u].[PasswordHash], [u].[PasswordResetToken], [u].[PasswordResetTokenExpiry], [u].[PasswordResetTokenUsed], [u].[RefreshTokenExpiry], [u].[RefreshTokenHash], [u].[Role], [u].[SocialProvider], [u].[SocialProviderId], [u].[Status], [u].[UpdatedAt]
FROM [Users] AS [u]
WHERE [u].[Email] = @__admin2Email_0
2026-05-05 23:52:18.009 +07:00 [INF] Executed DbCommand (9ms) [Parameters=[], CommandType='"Text"', CommandTimeout='30']
SELECT CASE
    WHEN EXISTS (
        SELECT 1
        FROM [GreetingCards] AS [g]
        WHERE [g].[IsDeleted] = CAST(0 AS bit)) THEN CAST(1 AS bit)
    ELSE CAST(0 AS bit)
END
2026-05-05 23:52:18.024 +07:00 [INF] Start installing Hangfire SQL objects...
2026-05-05 23:52:18.048 +07:00 [INF] Hangfire SQL objects installed.
2026-05-05 23:52:18.202 +07:00 [INF] Starting Hangfire Server using job storage: 'SQL Server: localhost,1433@EGreetingsDb_Dev'
2026-05-05 23:52:18.202 +07:00 [INF] Using the following options for SQL Server job storage: Queue poll interval: 00:00:00.
2026-05-05 23:52:18.202 +07:00 [INF] Using the following options for Hangfire Server:
    Worker count: 20
    Listening queues: 'default'
    Shutdown timeout: 00:00:15
    Schedule polling interval: 00:00:15
2026-05-05 23:52:18.226 +07:00 [INF] Server macbookpro:17283:2786b891 successfully announced in 18,8852 ms
2026-05-05 23:52:18.228 +07:00 [INF] Server macbookpro:17283:2786b891 is starting the registered dispatchers: ServerWatchdog, ServerJobCancellationWatcher, SqlServerHeartbeatProcess, ExpirationManager, CountersAggregator, Worker, DelayedJobScheduler, RecurringJobScheduler...
2026-05-05 23:52:18.230 +07:00 [INF] Server macbookpro:17283:2786b891 all the dispatchers started
2026-05-05 23:52:18.487 +07:00 [INF] Executed DbCommand (18ms) [Parameters=[@__now_0='?' (DbType = DateTime2)], CommandType='"Text"', CommandTimeout='30']
SELECT [e].[Id], [e].[CreatedAt], [e].[GreetingTransactionId], [e].[LastError], [e].[NextRetryAt], [e].[RetryCount], [e].[Status], [e].[UpdatedAt], [g].[Id], [g].[CardId], [g].[CreatedAt], [g].[PersonalMessage], [g].[RecipientEmail], [g].[RetryCount], [g].[ScheduledSendAt], [g].[SenderId], [g].[SentAt], [g].[Status], [g].[Subject], [g].[SubscriptionId], [u0].[Id], [u0].[CreatedAt], [u0].[DeletedAt], [u0].[Email], [u0].[EmailVerificationToken], [u0].[EmailVerificationTokenExpiry], [u0].[FailedLoginCount], [u0].[FullName], [u0].[IsDeleted], [u0].[LastLoginAt], [u0].[LockReason], [u0].[LockoutEndTime], [u0].[PasswordHash], [u0].[PasswordResetToken], [u0].[PasswordResetTokenExpiry], [u0].[PasswordResetTokenUsed], [u0].[RefreshTokenExpiry], [u0].[RefreshTokenHash], [u0].[Role], [u0].[SocialProvider], [u0].[SocialProviderId], [u0].[Status], [u0].[UpdatedAt], [g1].[Id], [g1].[CategoryId], [g1].[CreatedAt], [g1].[DeletedAt], [g1].[Description], [g1].[FileUrl], [g1].[IsDeleted], [g1].[IsFeatured], [g1].[Name], [g1].[Slug], [g1].[Status], [g1].[Tags], [g1].[ThumbnailUrl], [g1].[UpdatedAt]
FROM [EmailRetryQueues] AS [e]
INNER JOIN [GreetingTransactions] AS [g] ON [e].[GreetingTransactionId] = [g].[Id]
INNER JOIN (
    SELECT [u].[Id], [u].[CreatedAt], [u].[DeletedAt], [u].[Email], [u].[EmailVerificationToken], [u].[EmailVerificationTokenExpiry], [u].[FailedLoginCount], [u].[FullName], [u].[IsDeleted], [u].[LastLoginAt], [u].[LockReason], [u].[LockoutEndTime], [u].[PasswordHash], [u].[PasswordResetToken], [u].[PasswordResetTokenExpiry], [u].[PasswordResetTokenUsed], [u].[RefreshTokenExpiry], [u].[RefreshTokenHash], [u].[Role], [u].[SocialProvider], [u].[SocialProviderId], [u].[Status], [u].[UpdatedAt]
    FROM [Users] AS [u]
    WHERE [u].[IsDeleted] = CAST(0 AS bit)
) AS [u0] ON [g].[SenderId] = [u0].[Id]
INNER JOIN (
    SELECT [g0].[Id], [g0].[CategoryId], [g0].[CreatedAt], [g0].[DeletedAt], [g0].[Description], [g0].[FileUrl], [g0].[IsDeleted], [g0].[IsFeatured], [g0].[Name], [g0].[Slug], [g0].[Status], [g0].[Tags], [g0].[ThumbnailUrl], [g0].[UpdatedAt]
    FROM [GreetingCards] AS [g0]
    WHERE [g0].[IsDeleted] = CAST(0 AS bit)
) AS [g1] ON [g].[CardId] = [g1].[Id]
WHERE [e].[Status] = N'PendingRetry' AND [e].[NextRetryAt] <= @__now_0
2026-05-05 23:52:31.793 +07:00 [WRN] Failed to determine the https port for redirect.
2026-05-05 23:52:31.822 +07:00 [INF] [CQRS] Handling GetCardsQuery
2026-05-05 23:52:31.822 +07:00 [INF] [CQRS] Handling GetCategoriesQuery
2026-05-05 23:52:31.822 +07:00 [INF] [CQRS] Handling GetCardsQuery
2026-05-05 23:52:31.868 +07:00 [INF] Executed DbCommand (13ms) [Parameters=[], CommandType='"Text"', CommandTimeout='30']
SELECT [c].[Id], [c].[Name], [c].[Slug], [c].[Description], [c].[IconUrl], [c].[Color], (
    SELECT COUNT(*)
    FROM [GreetingCards] AS [g]
    WHERE [g].[IsDeleted] = CAST(0 AS bit) AND [c].[Id] = [g].[CategoryId] AND [g].[Status] = N'Active' AND [g].[IsDeleted] = CAST(0 AS bit))
FROM [Categories] AS [c]
WHERE [c].[IsDeleted] = CAST(0 AS bit) AND [c].[Status] = N'Active' AND [c].[IsDeleted] = CAST(0 AS bit)
ORDER BY [c].[DisplayOrder]
2026-05-05 23:52:31.869 +07:00 [INF] [CQRS] Handled GetCategoriesQuery successfully
2026-05-05 23:52:31.881 +07:00 [INF] Executed DbCommand (26ms) [Parameters=[], CommandType='"Text"', CommandTimeout='30']
SELECT COUNT(*)
FROM [GreetingCards] AS [g]
INNER JOIN (
    SELECT [c].[Id], [c].[IsDeleted], [c].[Status]
    FROM [Categories] AS [c]
    WHERE [c].[IsDeleted] = CAST(0 AS bit)
) AS [c0] ON [g].[CategoryId] = [c0].[Id]
WHERE [g].[IsDeleted] = CAST(0 AS bit) AND [g].[Status] = N'Active' AND [g].[IsDeleted] = CAST(0 AS bit) AND [c0].[Status] = N'Active' AND [c0].[IsDeleted] = CAST(0 AS bit)
2026-05-05 23:52:31.887 +07:00 [INF] HTTP GET /api/categories responded 200 in 94.3360 ms
2026-05-05 23:52:31.893 +07:00 [INF] Executed DbCommand (38ms) [Parameters=[], CommandType='"Text"', CommandTimeout='30']
SELECT COUNT(*)
FROM [GreetingCards] AS [g]
INNER JOIN (
    SELECT [c].[Id], [c].[IsDeleted], [c].[Status]
    FROM [Categories] AS [c]
    WHERE [c].[IsDeleted] = CAST(0 AS bit)
) AS [c0] ON [g].[CategoryId] = [c0].[Id]
WHERE [g].[IsDeleted] = CAST(0 AS bit) AND [g].[Status] = N'Active' AND [g].[IsDeleted] = CAST(0 AS bit) AND [c0].[Status] = N'Active' AND [c0].[IsDeleted] = CAST(0 AS bit)
2026-05-05 23:52:31.893 +07:00 [INF] Executed DbCommand (5ms) [Parameters=[@__p_0='?' (DbType = Int32), @__p_1='?' (DbType = Int32)], CommandType='"Text"', CommandTimeout='30']
SELECT [g].[Id], [g].[Name], [g].[Slug], [g].[ThumbnailUrl], [g].[Description], [g].[IsFeatured], [c0].[Name], [c0].[Slug], CAST([g].[Status] AS nvarchar(max))
FROM [GreetingCards] AS [g]
INNER JOIN (
    SELECT [c].[Id], [c].[IsDeleted], [c].[Name], [c].[Slug], [c].[Status]
    FROM [Categories] AS [c]
    WHERE [c].[IsDeleted] = CAST(0 AS bit)
) AS [c0] ON [g].[CategoryId] = [c0].[Id]
WHERE [g].[IsDeleted] = CAST(0 AS bit) AND [g].[Status] = N'Active' AND [g].[IsDeleted] = CAST(0 AS bit) AND [c0].[Status] = N'Active' AND [c0].[IsDeleted] = CAST(0 AS bit)
ORDER BY [g].[CreatedAt] DESC
OFFSET @__p_0 ROWS FETCH NEXT @__p_1 ROWS ONLY
2026-05-05 23:52:31.894 +07:00 [INF] [CQRS] Handled GetCardsQuery successfully
2026-05-05 23:52:31.896 +07:00 [INF] Executed DbCommand (2ms) [Parameters=[@__p_0='?' (DbType = Int32), @__p_1='?' (DbType = Int32)], CommandType='"Text"', CommandTimeout='30']
SELECT [g].[Id], [g].[Name], [g].[Slug], [g].[ThumbnailUrl], [g].[Description], [g].[IsFeatured], [c0].[Name], [c0].[Slug], CAST([g].[Status] AS nvarchar(max))
FROM [GreetingCards] AS [g]
INNER JOIN (
    SELECT [c].[Id], [c].[IsDeleted], [c].[Name], [c].[Slug], [c].[Status]
    FROM [Categories] AS [c]
    WHERE [c].[IsDeleted] = CAST(0 AS bit)
) AS [c0] ON [g].[CategoryId] = [c0].[Id]
WHERE [g].[IsDeleted] = CAST(0 AS bit) AND [g].[Status] = N'Active' AND [g].[IsDeleted] = CAST(0 AS bit) AND [c0].[Status] = N'Active' AND [c0].[IsDeleted] = CAST(0 AS bit)
ORDER BY [g].[CreatedAt] DESC
OFFSET @__p_0 ROWS FETCH NEXT @__p_1 ROWS ONLY
2026-05-05 23:52:31.896 +07:00 [INF] [CQRS] Handled GetCardsQuery successfully
2026-05-05 23:52:31.897 +07:00 [INF] HTTP GET /api/cards responded 200 in 104.8534 ms
2026-05-05 23:52:31.897 +07:00 [INF] HTTP GET /api/cards responded 200 in 104.8485 ms
2026-05-05 23:53:13.152 +07:00 [INF] [CQRS] Handling GetCategoriesQuery
2026-05-05 23:53:13.153 +07:00 [INF] [CQRS] Handling GetCardsQuery
2026-05-05 23:53:13.159 +07:00 [INF] Executed DbCommand (4ms) [Parameters=[], CommandType='"Text"', CommandTimeout='30']
SELECT COUNT(*)
FROM [GreetingCards] AS [g]
INNER JOIN (
    SELECT [c].[Id], [c].[IsDeleted], [c].[Status]
    FROM [Categories] AS [c]
    WHERE [c].[IsDeleted] = CAST(0 AS bit)
) AS [c0] ON [g].[CategoryId] = [c0].[Id]
WHERE [g].[IsDeleted] = CAST(0 AS bit) AND [g].[Status] = N'Active' AND [g].[IsDeleted] = CAST(0 AS bit) AND [c0].[Status] = N'Active' AND [c0].[IsDeleted] = CAST(0 AS bit)
2026-05-05 23:53:13.163 +07:00 [INF] Executed DbCommand (2ms) [Parameters=[@__p_0='?' (DbType = Int32), @__p_1='?' (DbType = Int32)], CommandType='"Text"', CommandTimeout='30']
SELECT [g].[Id], [g].[Name], [g].[Slug], [g].[ThumbnailUrl], [g].[Description], [g].[IsFeatured], [c0].[Name], [c0].[Slug], CAST([g].[Status] AS nvarchar(max))
FROM [GreetingCards] AS [g]
INNER JOIN (
    SELECT [c].[Id], [c].[IsDeleted], [c].[Name], [c].[Slug], [c].[Status]
    FROM [Categories] AS [c]
    WHERE [c].[IsDeleted] = CAST(0 AS bit)
) AS [c0] ON [g].[CategoryId] = [c0].[Id]
WHERE [g].[IsDeleted] = CAST(0 AS bit) AND [g].[Status] = N'Active' AND [g].[IsDeleted] = CAST(0 AS bit) AND [c0].[Status] = N'Active' AND [c0].[IsDeleted] = CAST(0 AS bit)
ORDER BY [g].[CreatedAt] DESC
OFFSET @__p_0 ROWS FETCH NEXT @__p_1 ROWS ONLY
2026-05-05 23:53:13.163 +07:00 [INF] [CQRS] Handled GetCardsQuery successfully
2026-05-05 23:53:13.164 +07:00 [INF] HTTP GET /api/cards responded 200 in 13.7486 ms
2026-05-05 23:53:13.165 +07:00 [INF] Executed DbCommand (10ms) [Parameters=[], CommandType='"Text"', CommandTimeout='30']
SELECT [c].[Id], [c].[Name], [c].[Slug], [c].[Description], [c].[IconUrl], [c].[Color], (
    SELECT COUNT(*)
    FROM [GreetingCards] AS [g]
    WHERE [g].[IsDeleted] = CAST(0 AS bit) AND [c].[Id] = [g].[CategoryId] AND [g].[Status] = N'Active' AND [g].[IsDeleted] = CAST(0 AS bit))
FROM [Categories] AS [c]
WHERE [c].[IsDeleted] = CAST(0 AS bit) AND [c].[Status] = N'Active' AND [c].[IsDeleted] = CAST(0 AS bit)
ORDER BY [c].[DisplayOrder]
2026-05-05 23:53:13.165 +07:00 [INF] [CQRS] Handled GetCategoriesQuery successfully
2026-05-05 23:53:13.166 +07:00 [INF] HTTP GET /api/categories responded 200 in 15.9215 ms
2026-05-05 23:53:15.945 +07:00 [INF] [CQRS] Handling GetCategoriesQuery
2026-05-05 23:53:15.945 +07:00 [INF] [CQRS] Handling GetCardsQuery
2026-05-05 23:53:15.954 +07:00 [INF] Executed DbCommand (8ms) [Parameters=[], CommandType='"Text"', CommandTimeout='30']
SELECT [c].[Id], [c].[Name], [c].[Slug], [c].[Description], [c].[IconUrl], [c].[Color], (
    SELECT COUNT(*)
    FROM [GreetingCards] AS [g]
    WHERE [g].[IsDeleted] = CAST(0 AS bit) AND [c].[Id] = [g].[CategoryId] AND [g].[Status] = N'Active' AND [g].[IsDeleted] = CAST(0 AS bit))
FROM [Categories] AS [c]
WHERE [c].[IsDeleted] = CAST(0 AS bit) AND [c].[Status] = N'Active' AND [c].[IsDeleted] = CAST(0 AS bit)
ORDER BY [c].[DisplayOrder]
2026-05-05 23:53:15.955 +07:00 [INF] [CQRS] Handled GetCategoriesQuery successfully
2026-05-05 23:53:15.955 +07:00 [INF] HTTP GET /api/categories responded 200 in 13.5665 ms
2026-05-05 23:53:15.954 +07:00 [INF] Executed DbCommand (8ms) [Parameters=[], CommandType='"Text"', CommandTimeout='30']
SELECT COUNT(*)
FROM [GreetingCards] AS [g]
INNER JOIN (
    SELECT [c].[Id], [c].[IsDeleted], [c].[Status]
    FROM [Categories] AS [c]
    WHERE [c].[IsDeleted] = CAST(0 AS bit)
) AS [c0] ON [g].[CategoryId] = [c0].[Id]
WHERE [g].[IsDeleted] = CAST(0 AS bit) AND [g].[Status] = N'Active' AND [g].[IsDeleted] = CAST(0 AS bit) AND [c0].[Status] = N'Active' AND [c0].[IsDeleted] = CAST(0 AS bit)
2026-05-05 23:53:15.959 +07:00 [INF] Executed DbCommand (3ms) [Parameters=[@__p_0='?' (DbType = Int32), @__p_1='?' (DbType = Int32)], CommandType='"Text"', CommandTimeout='30']
SELECT [g].[Id], [g].[Name], [g].[Slug], [g].[ThumbnailUrl], [g].[Description], [g].[IsFeatured], [c0].[Name], [c0].[Slug], CAST([g].[Status] AS nvarchar(max))
FROM [GreetingCards] AS [g]
INNER JOIN (
    SELECT [c].[Id], [c].[IsDeleted], [c].[Name], [c].[Slug], [c].[Status]
    FROM [Categories] AS [c]
    WHERE [c].[IsDeleted] = CAST(0 AS bit)
) AS [c0] ON [g].[CategoryId] = [c0].[Id]
WHERE [g].[IsDeleted] = CAST(0 AS bit) AND [g].[Status] = N'Active' AND [g].[IsDeleted] = CAST(0 AS bit) AND [c0].[Status] = N'Active' AND [c0].[IsDeleted] = CAST(0 AS bit)
ORDER BY [g].[CreatedAt] DESC
OFFSET @__p_0 ROWS FETCH NEXT @__p_1 ROWS ONLY
2026-05-05 23:53:15.960 +07:00 [INF] [CQRS] Handled GetCardsQuery successfully
2026-05-05 23:53:15.960 +07:00 [INF] HTTP GET /api/cards responded 200 in 15.5814 ms
2026-05-05 23:53:46.804 +07:00 [INF] Server macbookpro:17283:2786b891 caught stopping signal...
2026-05-05 23:53:47.314 +07:00 [INF] Server macbookpro:17283:2786b891 caught stopped signal...
2026-05-05 23:53:47.322 +07:00 [INF] Server macbookpro:17283:2786b891 All dispatchers stopped
2026-05-05 23:53:47.334 +07:00 [INF] Server macbookpro:17283:2786b891 successfully reported itself as stopped in 11,188 ms
2026-05-05 23:53:47.334 +07:00 [INF] Server macbookpro:17283:2786b891 has been stopped in total 526,4656 ms
2026-05-05 23:54:00.468 +07:00 [WRN] Entity 'User' has a global query filter defined and is the required end of a relationship with the entity 'Feedback'. This may lead to unexpected results when the required entity is filtered out. Either configure the navigation as optional, or define matching query filters for both entities in the navigation. See https://go.microsoft.com/fwlink/?linkid=2131316 for more information.
2026-05-05 23:54:00.499 +07:00 [WRN] Entity 'GreetingCard' has a global query filter defined and is the required end of a relationship with the entity 'GreetingTransaction'. This may lead to unexpected results when the required entity is filtered out. Either configure the navigation as optional, or define matching query filters for both entities in the navigation. See https://go.microsoft.com/fwlink/?linkid=2131316 for more information.
2026-05-05 23:54:00.499 +07:00 [WRN] Entity 'User' has a global query filter defined and is the required end of a relationship with the entity 'Subscription'. This may lead to unexpected results when the required entity is filtered out. Either configure the navigation as optional, or define matching query filters for both entities in the navigation. See https://go.microsoft.com/fwlink/?linkid=2131316 for more information.
2026-05-05 23:54:00.779 +07:00 [INF] Executed DbCommand (19ms) [Parameters=[], CommandType='"Text"', CommandTimeout='30']
SELECT 1
2026-05-05 23:54:00.802 +07:00 [INF] Executed DbCommand (16ms) [Parameters=[], CommandType='"Text"', CommandTimeout='30']
DECLARE @result int;
EXEC @result = sp_getapplock @Resource = '__EFMigrationsLock', @LockOwner = 'Session', @LockMode = 'Exclusive';
SELECT @result
2026-05-05 23:54:00.842 +07:00 [INF] Executed DbCommand (3ms) [Parameters=[], CommandType='"Text"', CommandTimeout='30']
IF OBJECT_ID(N'[__EFMigrationsHistory]') IS NULL
BEGIN
    CREATE TABLE [__EFMigrationsHistory] (
        [MigrationId] nvarchar(150) NOT NULL,
        [ProductVersion] nvarchar(32) NOT NULL,
        CONSTRAINT [PK___EFMigrationsHistory] PRIMARY KEY ([MigrationId])
    );
END;
2026-05-05 23:54:00.855 +07:00 [INF] Executed DbCommand (2ms) [Parameters=[], CommandType='"Text"', CommandTimeout='30']
SELECT 1
2026-05-05 23:54:00.857 +07:00 [INF] Executed DbCommand (2ms) [Parameters=[], CommandType='"Text"', CommandTimeout='30']
SELECT OBJECT_ID(N'[__EFMigrationsHistory]');
2026-05-05 23:54:00.862 +07:00 [INF] Executed DbCommand (3ms) [Parameters=[], CommandType='"Text"', CommandTimeout='30']
SELECT [MigrationId], [ProductVersion]
FROM [__EFMigrationsHistory]
ORDER BY [MigrationId];
2026-05-05 23:54:00.873 +07:00 [INF] Executed DbCommand (3ms) [Parameters=[], CommandType='"Text"', CommandTimeout='30']
DECLARE @result int;
EXEC @result = sp_releaseapplock @Resource = '__EFMigrationsLock', @LockOwner = 'Session';
SELECT @result
2026-05-05 23:54:01.030 +07:00 [INF] Executed DbCommand (4ms) [Parameters=[], CommandType='"Text"', CommandTimeout='30']
SELECT CASE
    WHEN EXISTS (
        SELECT 1
        FROM [Categories] AS [c]
        WHERE [c].[IsDeleted] = CAST(0 AS bit)) THEN CAST(1 AS bit)
    ELSE CAST(0 AS bit)
END
2026-05-05 23:54:01.057 +07:00 [INF] Executed DbCommand (10ms) [Parameters=[@__adminEmail_0='?' (Size = 256) (DbType = AnsiString)], CommandType='"Text"', CommandTimeout='30']
SELECT CASE
    WHEN EXISTS (
        SELECT 1
        FROM [Users] AS [u]
        WHERE [u].[Email] = @__adminEmail_0) THEN CAST(1 AS bit)
    ELSE CAST(0 AS bit)
END
2026-05-05 23:54:01.062 +07:00 [INF] Executed DbCommand (3ms) [Parameters=[@__admin2Email_0='?' (Size = 256) (DbType = AnsiString)], CommandType='"Text"', CommandTimeout='30']
SELECT CASE
    WHEN EXISTS (
        SELECT 1
        FROM [Users] AS [u]
        WHERE [u].[Email] = @__admin2Email_0) THEN CAST(1 AS bit)
    ELSE CAST(0 AS bit)
END
2026-05-05 23:54:01.086 +07:00 [INF] Executed DbCommand (4ms) [Parameters=[@__admin2Email_0='?' (Size = 256) (DbType = AnsiString)], CommandType='"Text"', CommandTimeout='30']
SELECT TOP(1) [u].[Id], [u].[CreatedAt], [u].[DeletedAt], [u].[Email], [u].[EmailVerificationToken], [u].[EmailVerificationTokenExpiry], [u].[FailedLoginCount], [u].[FullName], [u].[IsDeleted], [u].[LastLoginAt], [u].[LockReason], [u].[LockoutEndTime], [u].[PasswordHash], [u].[PasswordResetToken], [u].[PasswordResetTokenExpiry], [u].[PasswordResetTokenUsed], [u].[RefreshTokenExpiry], [u].[RefreshTokenHash], [u].[Role], [u].[SocialProvider], [u].[SocialProviderId], [u].[Status], [u].[UpdatedAt]
FROM [Users] AS [u]
WHERE [u].[Email] = @__admin2Email_0
2026-05-05 23:54:01.135 +07:00 [INF] Executed DbCommand (3ms) [Parameters=[], CommandType='"Text"', CommandTimeout='30']
SELECT CASE
    WHEN EXISTS (
        SELECT 1
        FROM [GreetingCards] AS [g]
        WHERE [g].[IsDeleted] = CAST(0 AS bit)) THEN CAST(1 AS bit)
    ELSE CAST(0 AS bit)
END
2026-05-05 23:54:01.151 +07:00 [INF] Start installing Hangfire SQL objects...
2026-05-05 23:54:01.170 +07:00 [INF] Hangfire SQL objects installed.
2026-05-05 23:54:01.311 +07:00 [INF] Starting Hangfire Server using job storage: 'SQL Server: localhost,1433@EGreetingsDb_Dev'
2026-05-05 23:54:01.311 +07:00 [INF] Using the following options for SQL Server job storage: Queue poll interval: 00:00:00.
2026-05-05 23:54:01.311 +07:00 [INF] Using the following options for Hangfire Server:
    Worker count: 20
    Listening queues: 'default'
    Shutdown timeout: 00:00:15
    Schedule polling interval: 00:00:15
2026-05-05 23:54:01.323 +07:00 [INF] Server macbookpro:18652:aff3a087 successfully announced in 6,3629 ms
2026-05-05 23:54:01.324 +07:00 [INF] Server macbookpro:18652:aff3a087 is starting the registered dispatchers: ServerWatchdog, ServerJobCancellationWatcher, SqlServerHeartbeatProcess, ExpirationManager, CountersAggregator, Worker, DelayedJobScheduler, RecurringJobScheduler...
2026-05-05 23:54:01.327 +07:00 [INF] Server macbookpro:18652:aff3a087 all the dispatchers started
2026-05-05 23:54:15.277 +07:00 [WRN] Failed to determine the https port for redirect.
2026-05-05 23:54:15.306 +07:00 [INF] [CQRS] Handling GetCategoriesQuery
2026-05-05 23:54:15.306 +07:00 [INF] [CQRS] Handling GetCardsQuery
2026-05-05 23:54:15.306 +07:00 [INF] [CQRS] Handling GetCardsQuery
2026-05-05 23:54:15.350 +07:00 [INF] Executed DbCommand (4ms) [Parameters=[], CommandType='"Text"', CommandTimeout='30']
SELECT COUNT(*)
FROM [GreetingCards] AS [g]
INNER JOIN (
    SELECT [c].[Id], [c].[IsDeleted], [c].[Status]
    FROM [Categories] AS [c]
    WHERE [c].[IsDeleted] = CAST(0 AS bit)
) AS [c0] ON [g].[CategoryId] = [c0].[Id]
WHERE [g].[IsDeleted] = CAST(0 AS bit) AND [g].[Status] = N'Active' AND [g].[IsDeleted] = CAST(0 AS bit) AND [c0].[Status] = N'Active' AND [c0].[IsDeleted] = CAST(0 AS bit)
2026-05-05 23:54:15.351 +07:00 [INF] Executed DbCommand (5ms) [Parameters=[], CommandType='"Text"', CommandTimeout='30']
SELECT COUNT(*)
FROM [GreetingCards] AS [g]
INNER JOIN (
    SELECT [c].[Id], [c].[IsDeleted], [c].[Status]
    FROM [Categories] AS [c]
    WHERE [c].[IsDeleted] = CAST(0 AS bit)
) AS [c0] ON [g].[CategoryId] = [c0].[Id]
WHERE [g].[IsDeleted] = CAST(0 AS bit) AND [g].[Status] = N'Active' AND [g].[IsDeleted] = CAST(0 AS bit) AND [c0].[Status] = N'Active' AND [c0].[IsDeleted] = CAST(0 AS bit)
2026-05-05 23:54:15.352 +07:00 [INF] Executed DbCommand (6ms) [Parameters=[], CommandType='"Text"', CommandTimeout='30']
SELECT [c].[Id], [c].[Name], [c].[Slug], [c].[Description], [c].[IconUrl], [c].[Color], (
    SELECT COUNT(*)
    FROM [GreetingCards] AS [g]
    WHERE [g].[IsDeleted] = CAST(0 AS bit) AND [c].[Id] = [g].[CategoryId] AND [g].[Status] = N'Active' AND [g].[IsDeleted] = CAST(0 AS bit))
FROM [Categories] AS [c]
WHERE [c].[IsDeleted] = CAST(0 AS bit) AND [c].[Status] = N'Active' AND [c].[IsDeleted] = CAST(0 AS bit)
ORDER BY [c].[DisplayOrder]
2026-05-05 23:54:15.352 +07:00 [INF] [CQRS] Handled GetCategoriesQuery successfully
2026-05-05 23:54:15.360 +07:00 [INF] Executed DbCommand (4ms) [Parameters=[@__p_0='?' (DbType = Int32), @__p_1='?' (DbType = Int32)], CommandType='"Text"', CommandTimeout='30']
SELECT [g].[Id], [g].[Name], [g].[Slug], [g].[ThumbnailUrl], [g].[Description], [g].[IsFeatured], [c0].[Name], [c0].[Slug], CAST([g].[Status] AS nvarchar(max))
FROM [GreetingCards] AS [g]
INNER JOIN (
    SELECT [c].[Id], [c].[IsDeleted], [c].[Name], [c].[Slug], [c].[Status]
    FROM [Categories] AS [c]
    WHERE [c].[IsDeleted] = CAST(0 AS bit)
) AS [c0] ON [g].[CategoryId] = [c0].[Id]
WHERE [g].[IsDeleted] = CAST(0 AS bit) AND [g].[Status] = N'Active' AND [g].[IsDeleted] = CAST(0 AS bit) AND [c0].[Status] = N'Active' AND [c0].[IsDeleted] = CAST(0 AS bit)
ORDER BY [g].[CreatedAt] DESC
OFFSET @__p_0 ROWS FETCH NEXT @__p_1 ROWS ONLY
2026-05-05 23:54:15.360 +07:00 [INF] Executed DbCommand (4ms) [Parameters=[@__p_0='?' (DbType = Int32), @__p_1='?' (DbType = Int32)], CommandType='"Text"', CommandTimeout='30']
SELECT [g].[Id], [g].[Name], [g].[Slug], [g].[ThumbnailUrl], [g].[Description], [g].[IsFeatured], [c0].[Name], [c0].[Slug], CAST([g].[Status] AS nvarchar(max))
FROM [GreetingCards] AS [g]
INNER JOIN (
    SELECT [c].[Id], [c].[IsDeleted], [c].[Name], [c].[Slug], [c].[Status]
    FROM [Categories] AS [c]
    WHERE [c].[IsDeleted] = CAST(0 AS bit)
) AS [c0] ON [g].[CategoryId] = [c0].[Id]
WHERE [g].[IsDeleted] = CAST(0 AS bit) AND [g].[Status] = N'Active' AND [g].[IsDeleted] = CAST(0 AS bit) AND [c0].[Status] = N'Active' AND [c0].[IsDeleted] = CAST(0 AS bit)
ORDER BY [g].[CreatedAt] DESC
OFFSET @__p_0 ROWS FETCH NEXT @__p_1 ROWS ONLY
2026-05-05 23:54:15.361 +07:00 [INF] [CQRS] Handled GetCardsQuery successfully
2026-05-05 23:54:15.361 +07:00 [INF] [CQRS] Handled GetCardsQuery successfully
2026-05-05 23:54:15.371 +07:00 [INF] HTTP GET /api/cards responded 200 in 93.8731 ms
2026-05-05 23:54:15.371 +07:00 [INF] HTTP GET /api/categories responded 200 in 93.8687 ms
2026-05-05 23:54:15.371 +07:00 [INF] HTTP GET /api/cards responded 200 in 93.9011 ms
2026-05-05 23:55:01.574 +07:00 [INF] Executed DbCommand (2ms) [Parameters=[@__now_0='?' (DbType = DateTime2)], CommandType='"Text"', CommandTimeout='30']
SELECT [e].[Id], [e].[CreatedAt], [e].[GreetingTransactionId], [e].[LastError], [e].[NextRetryAt], [e].[RetryCount], [e].[Status], [e].[UpdatedAt], [g].[Id], [g].[CardId], [g].[CreatedAt], [g].[PersonalMessage], [g].[RecipientEmail], [g].[RetryCount], [g].[ScheduledSendAt], [g].[SenderId], [g].[SentAt], [g].[Status], [g].[Subject], [g].[SubscriptionId], [u0].[Id], [u0].[CreatedAt], [u0].[DeletedAt], [u0].[Email], [u0].[EmailVerificationToken], [u0].[EmailVerificationTokenExpiry], [u0].[FailedLoginCount], [u0].[FullName], [u0].[IsDeleted], [u0].[LastLoginAt], [u0].[LockReason], [u0].[LockoutEndTime], [u0].[PasswordHash], [u0].[PasswordResetToken], [u0].[PasswordResetTokenExpiry], [u0].[PasswordResetTokenUsed], [u0].[RefreshTokenExpiry], [u0].[RefreshTokenHash], [u0].[Role], [u0].[SocialProvider], [u0].[SocialProviderId], [u0].[Status], [u0].[UpdatedAt], [g1].[Id], [g1].[CategoryId], [g1].[CreatedAt], [g1].[DeletedAt], [g1].[Description], [g1].[FileUrl], [g1].[IsDeleted], [g1].[IsFeatured], [g1].[Name], [g1].[Slug], [g1].[Status], [g1].[Tags], [g1].[ThumbnailUrl], [g1].[UpdatedAt]
FROM [EmailRetryQueues] AS [e]
INNER JOIN [GreetingTransactions] AS [g] ON [e].[GreetingTransactionId] = [g].[Id]
INNER JOIN (
    SELECT [u].[Id], [u].[CreatedAt], [u].[DeletedAt], [u].[Email], [u].[EmailVerificationToken], [u].[EmailVerificationTokenExpiry], [u].[FailedLoginCount], [u].[FullName], [u].[IsDeleted], [u].[LastLoginAt], [u].[LockReason], [u].[LockoutEndTime], [u].[PasswordHash], [u].[PasswordResetToken], [u].[PasswordResetTokenExpiry], [u].[PasswordResetTokenUsed], [u].[RefreshTokenExpiry], [u].[RefreshTokenHash], [u].[Role], [u].[SocialProvider], [u].[SocialProviderId], [u].[Status], [u].[UpdatedAt]
    FROM [Users] AS [u]
    WHERE [u].[IsDeleted] = CAST(0 AS bit)
) AS [u0] ON [g].[SenderId] = [u0].[Id]
INNER JOIN (
    SELECT [g0].[Id], [g0].[CategoryId], [g0].[CreatedAt], [g0].[DeletedAt], [g0].[Description], [g0].[FileUrl], [g0].[IsDeleted], [g0].[IsFeatured], [g0].[Name], [g0].[Slug], [g0].[Status], [g0].[Tags], [g0].[ThumbnailUrl], [g0].[UpdatedAt]
    FROM [GreetingCards] AS [g0]
    WHERE [g0].[IsDeleted] = CAST(0 AS bit)
) AS [g1] ON [g].[CardId] = [g1].[Id]
WHERE [e].[Status] = N'PendingRetry' AND [e].[NextRetryAt] <= @__now_0
2026-05-05 23:55:17.317 +07:00 [INF] [CQRS] Handling GetCategoriesQuery
2026-05-05 23:55:17.318 +07:00 [INF] [CQRS] Handling GetCardsQuery
2026-05-05 23:55:17.326 +07:00 [INF] Executed DbCommand (7ms) [Parameters=[], CommandType='"Text"', CommandTimeout='30']
SELECT [c].[Id], [c].[Name], [c].[Slug], [c].[Description], [c].[IconUrl], [c].[Color], (
    SELECT COUNT(*)
    FROM [GreetingCards] AS [g]
    WHERE [g].[IsDeleted] = CAST(0 AS bit) AND [c].[Id] = [g].[CategoryId] AND [g].[Status] = N'Active' AND [g].[IsDeleted] = CAST(0 AS bit))
FROM [Categories] AS [c]
WHERE [c].[IsDeleted] = CAST(0 AS bit) AND [c].[Status] = N'Active' AND [c].[IsDeleted] = CAST(0 AS bit)
ORDER BY [c].[DisplayOrder]
2026-05-05 23:55:17.327 +07:00 [INF] [CQRS] Handled GetCategoriesQuery successfully
2026-05-05 23:55:17.327 +07:00 [INF] Executed DbCommand (8ms) [Parameters=[], CommandType='"Text"', CommandTimeout='30']
SELECT COUNT(*)
FROM [GreetingCards] AS [g]
INNER JOIN (
    SELECT [c].[Id], [c].[IsDeleted], [c].[Status]
    FROM [Categories] AS [c]
    WHERE [c].[IsDeleted] = CAST(0 AS bit)
) AS [c0] ON [g].[CategoryId] = [c0].[Id]
WHERE [g].[IsDeleted] = CAST(0 AS bit) AND [g].[Status] = N'Active' AND [g].[IsDeleted] = CAST(0 AS bit) AND [c0].[Status] = N'Active' AND [c0].[IsDeleted] = CAST(0 AS bit)
2026-05-05 23:55:17.327 +07:00 [INF] HTTP GET /api/categories responded 200 in 14.2654 ms
2026-05-05 23:55:17.331 +07:00 [INF] Executed DbCommand (3ms) [Parameters=[@__p_0='?' (DbType = Int32), @__p_1='?' (DbType = Int32)], CommandType='"Text"', CommandTimeout='30']
SELECT [g].[Id], [g].[Name], [g].[Slug], [g].[ThumbnailUrl], [g].[Description], [g].[IsFeatured], [c0].[Name], [c0].[Slug], CAST([g].[Status] AS nvarchar(max))
FROM [GreetingCards] AS [g]
INNER JOIN (
    SELECT [c].[Id], [c].[IsDeleted], [c].[Name], [c].[Slug], [c].[Status]
    FROM [Categories] AS [c]
    WHERE [c].[IsDeleted] = CAST(0 AS bit)
) AS [c0] ON [g].[CategoryId] = [c0].[Id]
WHERE [g].[IsDeleted] = CAST(0 AS bit) AND [g].[Status] = N'Active' AND [g].[IsDeleted] = CAST(0 AS bit) AND [c0].[Status] = N'Active' AND [c0].[IsDeleted] = CAST(0 AS bit)
ORDER BY [g].[CreatedAt] DESC
OFFSET @__p_0 ROWS FETCH NEXT @__p_1 ROWS ONLY
2026-05-05 23:55:17.331 +07:00 [INF] [CQRS] Handled GetCardsQuery successfully
2026-05-05 23:55:17.331 +07:00 [INF] HTTP GET /api/cards responded 200 in 18.1686 ms
2026-05-05 23:57:36.020 +07:00 [INF] [CQRS] Handling GetDraftsQuery
2026-05-05 23:57:36.040 +07:00 [INF] Executed DbCommand (15ms) [Parameters=[@__request_UserId_0='?' (DbType = Guid)], CommandType='"Text"', CommandTimeout='30']
SELECT COUNT(*)
FROM [Drafts] AS [d]
WHERE [d].[IsDeleted] = CAST(0 AS bit) AND [d].[UserId] = @__request_UserId_0 AND [d].[IsDeleted] = CAST(0 AS bit)
2026-05-05 23:57:36.040 +07:00 [INF] Executed DbCommand (15ms) [Parameters=[@__CurrentUserId_0='?' (DbType = Guid)], CommandType='"Text"', CommandTimeout='30']
SELECT [c].[Id], [c].[Name], [c].[OccasionDate], [c].[OccasionLabel]
FROM [Contacts] AS [c]
WHERE [c].[IsDeleted] = CAST(0 AS bit) AND [c].[UserId] = @__CurrentUserId_0 AND [c].[OccasionDate] IS NOT NULL
2026-05-05 23:57:36.046 +07:00 [INF] HTTP GET /api/contacts/upcoming responded 200 in 75.1534 ms
2026-05-05 23:57:36.054 +07:00 [INF] Executed DbCommand (9ms) [Parameters=[@__request_UserId_0='?' (DbType = Guid), @__p_1='?' (DbType = Int32), @__p_2='?' (DbType = Int32)], CommandType='"Text"', CommandTimeout='30']
SELECT [d0].[Id], [d0].[CardId], [g0].[Name], [g0].[ThumbnailUrl], [d0].[PersonalMessage], [d0].[LastAutoSavedAt]
FROM (
    SELECT [d].[Id], [d].[CardId], [d].[LastAutoSavedAt], [d].[PersonalMessage]
    FROM [Drafts] AS [d]
    WHERE [d].[IsDeleted] = CAST(0 AS bit) AND [d].[UserId] = @__request_UserId_0 AND [d].[IsDeleted] = CAST(0 AS bit)
    ORDER BY [d].[LastAutoSavedAt] DESC
    OFFSET @__p_1 ROWS FETCH NEXT @__p_2 ROWS ONLY
) AS [d0]
INNER JOIN (
    SELECT [g].[Id], [g].[Name], [g].[ThumbnailUrl]
    FROM [GreetingCards] AS [g]
    WHERE [g].[IsDeleted] = CAST(0 AS bit)
) AS [g0] ON [d0].[CardId] = [g0].[Id]
ORDER BY [d0].[LastAutoSavedAt] DESC
2026-05-05 23:57:36.054 +07:00 [INF] [CQRS] Handled GetDraftsQuery successfully
2026-05-05 23:57:36.057 +07:00 [INF] HTTP GET /api/me/drafts responded 200 in 85.5723 ms
2026-05-05 23:58:11.850 +07:00 [INF] [CQRS] Handling GetCategoriesQuery
2026-05-05 23:58:11.850 +07:00 [INF] [CQRS] Handling GetCardsQuery
2026-05-05 23:58:11.855 +07:00 [INF] Executed DbCommand (3ms) [Parameters=[], CommandType='"Text"', CommandTimeout='30']
SELECT COUNT(*)
FROM [GreetingCards] AS [g]
INNER JOIN (
    SELECT [c].[Id], [c].[IsDeleted], [c].[Status]
    FROM [Categories] AS [c]
    WHERE [c].[IsDeleted] = CAST(0 AS bit)
) AS [c0] ON [g].[CategoryId] = [c0].[Id]
WHERE [g].[IsDeleted] = CAST(0 AS bit) AND [g].[Status] = N'Active' AND [g].[IsDeleted] = CAST(0 AS bit) AND [c0].[Status] = N'Active' AND [c0].[IsDeleted] = CAST(0 AS bit)
2026-05-05 23:58:11.857 +07:00 [INF] Executed DbCommand (5ms) [Parameters=[], CommandType='"Text"', CommandTimeout='30']
SELECT [c].[Id], [c].[Name], [c].[Slug], [c].[Description], [c].[IconUrl], [c].[Color], (
    SELECT COUNT(*)
    FROM [GreetingCards] AS [g]
    WHERE [g].[IsDeleted] = CAST(0 AS bit) AND [c].[Id] = [g].[CategoryId] AND [g].[Status] = N'Active' AND [g].[IsDeleted] = CAST(0 AS bit))
FROM [Categories] AS [c]
WHERE [c].[IsDeleted] = CAST(0 AS bit) AND [c].[Status] = N'Active' AND [c].[IsDeleted] = CAST(0 AS bit)
ORDER BY [c].[DisplayOrder]
2026-05-05 23:58:11.857 +07:00 [INF] [CQRS] Handled GetCategoriesQuery successfully
2026-05-05 23:58:11.858 +07:00 [INF] HTTP GET /api/categories responded 200 in 11.2810 ms
2026-05-05 23:58:11.862 +07:00 [INF] Executed DbCommand (5ms) [Parameters=[@__p_0='?' (DbType = Int32), @__p_1='?' (DbType = Int32)], CommandType='"Text"', CommandTimeout='30']
SELECT [g].[Id], [g].[Name], [g].[Slug], [g].[ThumbnailUrl], [g].[Description], [g].[IsFeatured], [c0].[Name], [c0].[Slug], CAST([g].[Status] AS nvarchar(max))
FROM [GreetingCards] AS [g]
INNER JOIN (
    SELECT [c].[Id], [c].[IsDeleted], [c].[Name], [c].[Slug], [c].[Status]
    FROM [Categories] AS [c]
    WHERE [c].[IsDeleted] = CAST(0 AS bit)
) AS [c0] ON [g].[CategoryId] = [c0].[Id]
WHERE [g].[IsDeleted] = CAST(0 AS bit) AND [g].[Status] = N'Active' AND [g].[IsDeleted] = CAST(0 AS bit) AND [c0].[Status] = N'Active' AND [c0].[IsDeleted] = CAST(0 AS bit)
ORDER BY [g].[CreatedAt] DESC
OFFSET @__p_0 ROWS FETCH NEXT @__p_1 ROWS ONLY
2026-05-05 23:58:11.862 +07:00 [INF] [CQRS] Handled GetCardsQuery successfully
2026-05-05 23:58:11.863 +07:00 [INF] HTTP GET /api/cards responded 200 in 16.2470 ms
